// Jest Snapshot v1, https://goo.gl/fbAQLP

exports[`test if the page NavBar renders components test if the page NavBar is rendered 1`] = `
<div
  className="quote_page"
>
  <p
    className="quote"
  >
    "As far as the laws of mathematics refer to reality, they are not certain; and as far as they are certain, they do not refer to reality". -
     
    <span
      className="author"
    >
      Albert Einstein
    </span>
  </p>
</div>
`;
